To honour the JVM settings for this build a single-use Daemon process will be forked. For more on this, please refer to https://docs.gradle.org/8.7/userguide/gradle_daemon.html#sec:disabling_the_daemon in the Gradle documentation.
Daemon will be stopped at the end of the build 

> Configure project :app
WARNING: Using flatDir should be avoided because it doesn't support any meta-data formats.

> Configure project :capacitor-cordova-android-plugins
WARNING: Using flatDir should be avoided because it doesn't support any meta-data formats.

> Task :app:preBuild UP-TO-DATE
> Task :app:preDebugBuild UP-TO-DATE
> Task :app:mergeDebugNativeDebugMetadata NO-SOURCE
> Task :app:javaPreCompileDebug UP-TO-DATE
> Task :capacitor-android:preBuild UP-TO-DATE
> Task :capacitor-android:preDebugBuild UP-TO-DATE
> Task :capacitor-android:writeDebugAarMetadata UP-TO-DATE
> Task :capacitor-cordova-android-plugins:preBuild UP-TO-DATE
> Task :capacitor-cordova-android-plugins:preDebugBuild UP-TO-DATE
> Task :capacitor-cordova-android-plugins:writeDebugAarMetadata UP-TO-DATE
> Task :app:checkDebugAarMetadata UP-TO-DATE
> Task :app:generateDebugResValues UP-TO-DATE
> Task :capacitor-android:generateDebugResValues UP-TO-DATE
> Task :capacitor-android:generateDebugResources UP-TO-DATE
> Task :capacitor-android:packageDebugResources FAILED
cmd.exe : 
At line:1 char:1
+ cmd.exe /c "cd 
frontend\android && 
gradlew.bat 
assembleDebug --no-dae 
...
+ ~~~~~~~~~~~~~~~~~~~~~
~~~~~~~~~~~~~~~~~~~~~~~
~~~~~~~~~~~~~~~~~~~~~~~
~~
    + CategoryInfo     
         : NotSpecifi  
  ed: (:String) [],    
 RemoteException
    + FullyQualifiedEr 
   rorId : NativeComm  
  andError
 
FAILURE: Build failed 
with an exception.

* What went wrong:
Execution failed for 
task ':capacitor-androi
d:packageDebugResources
'.
> Cannot access output 
property 
'incrementalFolder' of 
task ':capacitor-androi
d:packageDebugResources
'. Accessing 
unreadable inputs or 
outputs is not 
supported. Declare the 
task as untracked by 
using Task.doNotTrackSt
ate(). For more 
information, please 
refer to https://docs.g
radle.org/8.7/userguide
/incremental_build.html
#sec:disable-state-trac
king in the Gradle 
documentation.
   > 
java.io.IOException: 
Cannot snapshot C:\User
s\ASUS\OneDrive\Desktop
\pro\medical-analyzer\f
rontend\node_modules\@c
apacitor\android\capaci
tor\build\intermediates
\incremental\debug\pack
ageDebugResources\merge
d.dir\values\values.xml
: not a regular file

* Try:
> Run with 
--stacktrace option to 
get the stack trace.
> Run with --info or 
--debug option to get 
more log output.
> Run with --scan to 
get full insights.
> Get more help at http
s://help.gradle.org.

BUILD FAILED in 9s
8 actionable tasks: 1 executed, 7 up-to-date
